============================= test session starts =============================
platform win32 -- Python 3.12.10, pytest-9.0.2, pluggy-1.6.0 -- C:\Users\sawas\AppData\Local\Programs\Python\Python312\python.exe
cachedir: .pytest_cache
rootdir: F:\llm-smart-router
configfile: pytest.ini
plugins: cov-7.0.0
collecting ... collected 44 items

tests/test_conversation.py::TestConversationDB::test_add_message PASSED  [  2%]
tests/test_conversation.py::TestConversationDB::test_create_conversation PASSED [  4%]
tests/test_conversation.py::TestConversationDB::test_create_topic PASSED [  6%]
tests/test_conversation.py::TestConversationDB::test_delete_conversation PASSED [  9%]
